// Jest Snapshot v1, https://goo.gl/fbAQLP

exports[`Landingpage: Main section snapshot test 1`] = `
<div
  className="main-container"
>
  <div
    className="image-title-container"
  >
    <img
      className="main-image"
      src="test-file-stub"
    />
    <h1
      className="title"
    >
      Feedpile
    </h1>
  </div>
  <div
    className="tagline-container"
  >
    <h1
      className="tagline"
    >
      All your favorite news feeds, piled high
    </h1>
  </div>
</div>
`;
