// Jest Snapshot v1, https://goo.gl/fbAQLP

exports[`ReaderList take a snapshot 1`] = `
<div
  className="reader-list-container"
>
  <Connect(ReaderListItem)
    article={
      Object {
        "description": "The secretary of state said President Vladimir Putin of Russia must end his alliance with Bashar al-Assad or risk becoming irrelevant in the Middle East.",
        "image": "https://static01.nyt.com/images/2017/04/12/world/12Diplo/12Diplo-moth.jpg",
        "publisher": "New York Times",
        "title": "Tillerson Warns Russia that Assad Era Is 'Coming to an End'",
        "url": "http://www.nytimes.com/2017/04/11/world/europe/russia-syria-rex-tillerson.html",
      }
    }
    articleIndex={0}
  />
  <Connect(ReaderListItem)
    article={
      Object {
        "description": "<img width=\\"680\\" height=\\"428\\" src=\\"https://tctechcrunch2011.files.wordpress.com/2017/04/execc81cution_de_marie_antoinette_le_16_octobre_1793-e1492125699842.jpg?w=680\\" class=\\"attachment-large size-large wp-post-image\\" alt=\\"\\" srcset=\\"https://tctechcrunch2011.files.wordpress.com/2017/04/execc81cution_de_marie_antoinette_le_16_octobre_1793-e1492125699842.jpg?w=680 680w, https://tctechcrunch2011.files.wordpress.com/2017/04/execc81cution_de_marie_antoinette_le_16_octobre_1793-e1492125699842.jpg?w=1360 1360w, https://tctechcrunch2011.files.wordpress.com/2017/04/execc81cution_de_marie_antoinette_le_16_octobre_1793-e1492125699842.jpg?w=150 150w, https://tctechcrunch2011.files.wordpress.com/2017/04/execc81cution_de_marie_antoinette_le_16_octobre_1793-e1492125699842.jpg?w=300 300w, https://tctechcrunch2011.files.wordpress.com/2017/04/execc81cution_de_marie_antoinette_le_16_octobre_1793-e1492125699842.jpg?w=768 768w\\" sizes=\\"(max-width: 680px) 100vw, 680px\\" />&nbsp;For every bad idea, there&#8217;s a crowdsourcing campaign with a soapbox and a big-ass megaphone, ready to make it even worse. Interested? In case you missed it, it&#8217;s not too late to vote to shake up the executive branch &#8212; surely the number one priority of every red-blooded American in these mostly ho-hum, sleepy times. As the giant stack of paper behind Office of Management&hellip; <a href=\\"https://techcrunch.com/2017/04/13/omb-reorganizing-executive-branch/?ncid=rss\\">Read More</a>",
        "image": "https://tctechcrunch2011.files.wordpress.com/2017/04/execc81cution_de_marie_antoinette_le_16_octobre_1793-e1492125699842.jpg?w=210&h=158&crop=1",
        "publisher": "New York Times",
        "title": "Vote now to eliminate your favorite government agency!",
        "url": "https://techcrunch.com/2017/04/13/omb-reorganizing-executive-branch/?ncid=rss",
      }
    }
    articleIndex={1}
  />
  <Connect(ReaderListItem)
    article={
      Object {
        "description": "The American attack has freed leaders in Washington and Moscow from the constraints that come with the perception of a special, friendly relationship.",
        "image": "https://s15.postimg.org/6jredm53v/news.png",
        "publisher": "New York Times",
        "title": "Feud Over Syria Missile Strike May Have an Upside for U.S. and Russia",
        "url": "http://www.nytimes.com/2017/04/11/world/missile-strike-syria-reset-russia-us-relations.html",
      }
    }
    articleIndex={2}
  />
  <Connect(ReaderListItem)
    article={
      Object {
        "description": "President Trump's Twitter posts capture his quandary in dealing with the nuclear threat from North Korea: Only China can realistically force a change in the behavior of Kim Jong-un.",
        "image": "https://static01.nyt.com/images/2017/04/12/world/12TrumpAsia/12TrumpAsia-moth.jpg",
        "publisher": "New York Times",
        "title": "Trump Says China Will Get Better Trade Deal if It Solves 'North Korean Problem'",
        "url": "http://www.nytimes.com/2017/04/11/world/asia/trump-china-trade-north-korea.html",
      }
    }
    articleIndex={3}
  />
  <Connect(ReaderListItem)
    article={
      Object {
        "description": "President Trump is confronting North Korean aggression with a set of tools that has had limited success for the United States in the past.",
        "image": "https://static01.nyt.com/images/2017/04/11/us/11Korea-01/11Korea1-moth.jpg",
        "publisher": "New York Times",
        "title": "Move of U.S. Warships Shows Trump Has Few Options on North Korea",
        "url": "http://www.nytimes.com/2017/04/10/world/asia/north-korea-china-south.html",
      }
    }
    articleIndex={4}
  />
  <Connect(ReaderListItem)
    article={
      Object {
        "description": "With key staff positions unfilled and no on-site first lady, the White House is trying to organize the most elaborate and heavily scrutinized public event of the year.",
        "image": "https://static01.nyt.com/images/2017/04/05/us/05eggroll2/05eggroll2-moth.jpg",
        "publisher": "New York Times",
        "title": "The Latest Test for the White House? Pulling Off Its Easter Egg Roll",
        "url": "http://www.nytimes.com/2017/04/11/us/politics/white-house-easter-egg-roll-trump.html",
      }
    }
    articleIndex={5}
  />
  <Connect(ReaderListItem)
    article={
      Object {
        "description": "The White House is as much as two months behind recent standards for presidential transitions, leaving 90 percent of the positions considered critical to leadership unfilled. It did, however, manage to order the eggs for the Easter egg roll.",
        "image": "https://s15.postimg.org/6jredm53v/news.png",
        "publisher": "New York Times",
        "title": "Trump Administration Hunts for Easter Eggs, and Senior Staff",
        "url": "http://www.nytimes.com/video/us/politics/100000005018390/trump-administration-hunts-for-easter-eggs-and-senior-staff.html",
      }
    }
    articleIndex={6}
  />
  <Connect(ReaderListItem)
    article={
      Object {
        "description": "The revelations highlight the lax oversight at the A.T.F. that allowed agents and informants to spend millions while avoiding the normal accounting process.",
        "image": "https://static01.nyt.com/images/2017/04/11/us/11ATF/11ATF-moth.jpg",
        "publisher": "New York Times",
        "title": "Secret A.T.F. Account Paid for $21,000 Nascar Suite and Las Vegas Trip",
        "url": "http://www.nytimes.com/2017/04/11/us/politics/alcohol-tobacco-firearms-atf.html",
      }
    }
    articleIndex={7}
  />
</div>
`;
