// Jest Snapshot v1, https://goo.gl/fbAQLP

exports[`App take a snapshot 1`] = `
<MuiThemeProvider>
  <div
    className="app-container"
  >
    <Navbar />
    <Connect(Sidebar) />
    <Connect(ReaderList) />
  </div>
</MuiThemeProvider>
`;
