// Jest Snapshot v1, https://goo.gl/fbAQLP

exports[`Welcome take a snapshot 1`] = `
<Welcome
  store={
    Object {
      "dispatch": [Function],
      "getState": [Function],
      "replaceReducer": [Function],
      "subscribe": [Function],
    }
  }
  toggleModal={[Function]}
/>
`;
