// Jest Snapshot v1, https://goo.gl/fbAQLP

exports[`Progress take a snapshot 1`] = `
<div
  className="progress"
>
  <CircularProgress
    color="#03A9F4"
    max={100}
    min={0}
    mode="indeterminate"
    size={60}
    thickness={7}
    value={0}
  />
</div>
`;
